---
source: tests/snapshot_tests.rs
expression: out
---
[
  {
    "id": "ZR002",
    "title": "too-many-arguments",
    "message": "function `too_many_args` has 7 arguments (max 5)",
    "explanation": "This finding highlights maintainability risk in deterministic analysis.",
    "remediation": "Refactor for clarity and consistency with project conventions.",
    "file": "./tests/fixtures/bad_project/messy.py",
    "line": 1,
    "column": 1,
    "severity": "low",
    "category": "readability",
    "source": "zerum",
    "confidence": "deterministic"
  },
  {
    "id": "ZR007",
    "title": "missing-module-docstring",
    "message": "module is missing a top-level docstring",
    "explanation": "This finding highlights maintainability risk in deterministic analysis.",
    "remediation": "Refactor for clarity and consistency with project conventions.",
    "file": "./tests/fixtures/bad_project/messy.py",
    "line": 1,
    "column": 1,
    "severity": "low",
    "category": "readability",
    "source": "zerum",
    "confidence": "deterministic"
  },
  {
    "id": "ZR008",
    "title": "missing-function-docstring",
    "message": "function `too_many_args` is missing a docstring",
    "explanation": "This finding highlights maintainability risk in deterministic analysis.",
    "remediation": "Refactor for clarity and consistency with project conventions.",
    "file": "./tests/fixtures/bad_project/messy.py",
    "line": 1,
    "column": 1,
    "severity": "low",
    "category": "readability",
    "source": "zerum",
    "confidence": "deterministic"
  },
  {
    "id": "ZR101",
    "title": "inconsistent-function-naming",
    "message": "matches pattern `def `",
    "explanation": "This finding highlights maintainability risk in deterministic analysis.",
    "remediation": "Refactor for clarity and consistency with project conventions.",
    "file": "./tests/fixtures/bad_project/messy.py",
    "line": 1,
    "column": 1,
    "severity": "low",
    "category": "consistency",
    "source": "zerum",
    "confidence": "deterministic"
  },
  {
    "id": "ZR203",
    "title": "too-many-public-methods",
    "message": "matches pattern `def `",
    "explanation": "This finding highlights maintainability risk in deterministic analysis.",
    "remediation": "Refactor for clarity and consistency with project conventions.",
    "file": "./tests/fixtures/bad_project/messy.py",
    "line": 1,
    "column": 1,
    "severity": "medium",
    "category": "design",
    "source": "zerum",
    "confidence": "deterministic"
  },
  {
    "id": "ZR506",
    "title": "empty-wrapper-function",
    "message": "matches pattern `def `",
    "explanation": "This finding highlights maintainability risk in deterministic analysis.",
    "remediation": "Refactor for clarity and consistency with project conventions.",
    "file": "./tests/fixtures/bad_project/messy.py",
    "line": 1,
    "column": 1,
    "severity": "low",
    "category": "ai",
    "source": "zerum",
    "confidence": "deterministic"
  },
  {
    "id": "ZR102",
    "title": "inconsistent-class-naming",
    "message": "matches pattern `_`",
    "explanation": "This finding highlights maintainability risk in deterministic analysis.",
    "remediation": "Refactor for clarity and consistency with project conventions.",
    "file": "./tests/fixtures/bad_project/messy.py",
    "line": 1,
    "column": 8,
    "severity": "low",
    "category": "consistency",
    "source": "zerum",
    "confidence": "deterministic"
  },
  {
    "id": "ZR405",
    "title": "print-debugging",
    "message": "print() used for debugging",
    "explanation": "This finding highlights maintainability risk in deterministic analysis.",
    "remediation": "Refactor for clarity and consistency with project conventions.",
    "file": "./tests/fixtures/bad_project/messy.py",
    "line": 2,
    "column": 5,
    "severity": "low",
    "category": "warning",
    "source": "zerum",
    "confidence": "deterministic"
  },
  {
    "id": "ZR309",
    "title": "repeated-try-except",
    "message": "matches pattern `try:`",
    "explanation": "This finding highlights maintainability risk in deterministic analysis.",
    "remediation": "Refactor for clarity and consistency with project conventions.",
    "file": "./tests/fixtures/bad_project/messy.py",
    "line": 3,
    "column": 5,
    "severity": "low",
    "category": "refactor",
    "source": "zerum",
    "confidence": "deterministic"
  },
  {
    "id": "ZR309",
    "title": "repeated-try-except",
    "message": "matches pattern `except`",
    "explanation": "This finding highlights maintainability risk in deterministic analysis.",
    "remediation": "Refactor for clarity and consistency with project conventions.",
    "file": "./tests/fixtures/bad_project/messy.py",
    "line": 5,
    "column": 5,
    "severity": "low",
    "category": "refactor",
    "source": "zerum",
    "confidence": "deterministic"
  },
  {
    "id": "ZR401",
    "title": "broad-except",
    "message": "broad except handler catches Exception/BaseException",
    "explanation": "This finding highlights maintainability risk in deterministic analysis.",
    "remediation": "Refactor for clarity and consistency with project conventions.",
    "file": "./tests/fixtures/bad_project/messy.py",
    "line": 5,
    "column": 5,
    "severity": "high",
    "category": "warning",
    "source": "zerum",
    "confidence": "deterministic"
  },
  {
    "id": "ZR408",
    "title": "silent-exception-swallowing",
    "message": "broad except handler only contains pass",
    "explanation": "This finding highlights maintainability risk in deterministic analysis.",
    "remediation": "Refactor for clarity and consistency with project conventions.",
    "file": "./tests/fixtures/bad_project/messy.py",
    "line": 5,
    "column": 5,
    "severity": "high",
    "category": "warning",
    "source": "zerum",
    "confidence": "deterministic"
  },
  {
    "id": "ZR411",
    "title": "blanket-except",
    "message": "except Exception catches nearly all errors; prefer specific exceptions",
    "explanation": "This finding highlights maintainability risk in deterministic analysis.",
    "remediation": "Refactor for clarity and consistency with project conventions.",
    "file": "./tests/fixtures/bad_project/messy.py",
    "line": 5,
    "column": 5,
    "severity": "high",
    "category": "warning",
    "source": "zerum",
    "confidence": "deterministic"
  },
  {
    "id": "ZR003",
    "title": "deep-nesting",
    "message": "function `branchy` has conditional nesting depth 9 (max 3)",
    "explanation": "This finding highlights maintainability risk in deterministic analysis.",
    "remediation": "Refactor for clarity and consistency with project conventions.",
    "file": "./tests/fixtures/bad_project/messy.py",
    "line": 8,
    "column": 1,
    "severity": "medium",
    "category": "readability",
    "source": "zerum",
    "confidence": "deterministic"
  },
  {
    "id": "ZR008",
    "title": "missing-function-docstring",
    "message": "function `branchy` is missing a docstring",
    "explanation": "This finding highlights maintainability risk in deterministic analysis.",
    "remediation": "Refactor for clarity and consistency with project conventions.",
    "file": "./tests/fixtures/bad_project/messy.py",
    "line": 8,
    "column": 1,
    "severity": "low",
    "category": "readability",
    "source": "zerum",
    "confidence": "deterministic"
  },
  {
    "id": "ZR101",
    "title": "inconsistent-function-naming",
    "message": "matches pattern `def `",
    "explanation": "This finding highlights maintainability risk in deterministic analysis.",
    "remediation": "Refactor for clarity and consistency with project conventions.",
    "file": "./tests/fixtures/bad_project/messy.py",
    "line": 8,
    "column": 1,
    "severity": "low",
    "category": "consistency",
    "source": "zerum",
    "confidence": "deterministic"
  },
  {
    "id": "ZR203",
    "title": "too-many-public-methods",
    "message": "matches pattern `def `",
    "explanation": "This finding highlights maintainability risk in deterministic analysis.",
    "remediation": "Refactor for clarity and consistency with project conventions.",
    "file": "./tests/fixtures/bad_project/messy.py",
    "line": 8,
    "column": 1,
    "severity": "medium",
    "category": "design",
    "source": "zerum",
    "confidence": "deterministic"
  },
  {
    "id": "ZR506",
    "title": "empty-wrapper-function",
    "message": "matches pattern `def `",
    "explanation": "This finding highlights maintainability risk in deterministic analysis.",
    "remediation": "Refactor for clarity and consistency with project conventions.",
    "file": "./tests/fixtures/bad_project/messy.py",
    "line": 8,
    "column": 1,
    "severity": "low",
    "category": "ai",
    "source": "zerum",
    "confidence": "deterministic"
  },
  {
    "id": "ZR301",
    "title": "duplicate-branch-body",
    "message": "matches pattern `if `",
    "explanation": "This finding highlights maintainability risk in deterministic analysis.",
    "remediation": "Refactor for clarity and consistency with project conventions.",
    "file": "./tests/fixtures/bad_project/messy.py",
    "line": 9,
    "column": 5,
    "severity": "low",
    "category": "refactor",
    "source": "zerum",
    "confidence": "deterministic"
  },
  {
    "id": "ZR302",
    "title": "collapsible-if",
    "message": "matches pattern `if `",
    "explanation": "This finding highlights maintainability risk in deterministic analysis.",
    "remediation": "Refactor for clarity and consistency with project conventions.",
    "file": "./tests/fixtures/bad_project/messy.py",
    "line": 9,
    "column": 5,
    "severity": "low",
    "category": "refactor",
    "source": "zerum",
    "confidence": "deterministic"
  },
  {
    "id": "ZR305",
    "title": "simplifiable-if-expression",
    "message": "matches pattern `if `",
    "explanation": "This finding highlights maintainability risk in deterministic analysis.",
    "remediation": "Refactor for clarity and consistency with project conventions.",
    "file": "./tests/fixtures/bad_project/messy.py",
    "line": 9,
    "column": 5,
    "severity": "low",
    "category": "refactor",
    "source": "zerum",
    "confidence": "deterministic"
  },
  {
    "id": "ZR308",
    "title": "extractable-condition",
    "message": "matches pattern `if `",
    "explanation": "This finding highlights maintainability risk in deterministic analysis.",
    "remediation": "Refactor for clarity and consistency with project conventions.",
    "file": "./tests/fixtures/bad_project/messy.py",
    "line": 9,
    "column": 5,
    "severity": "low",
    "category": "refactor",
    "source": "zerum",
    "confidence": "deterministic"
  },
  {
    "id": "ZR312",
    "title": "reject-none",
    "message": "matches pattern `if `",
    "explanation": "This finding highlights maintainability risk in deterministic analysis.",
    "remediation": "Refactor for clarity and consistency with project conventions.",
    "file": "./tests/fixtures/bad_project/messy.py",
    "line": 9,
    "column": 5,
    "severity": "low",
    "category": "refactor",
    "source": "zerum",
    "confidence": "deterministic"
  },
  {
    "id": "ZR301",
    "title": "duplicate-branch-body",
    "message": "matches pattern `if `",
    "explanation": "This finding highlights maintainability risk in deterministic analysis.",
    "remediation": "Refactor for clarity and consistency with project conventions.",
    "file": "./tests/fixtures/bad_project/messy.py",
    "line": 11,
    "column": 7,
    "severity": "low",
    "category": "refactor",
    "source": "zerum",
    "confidence": "deterministic"
  },
  {
    "id": "ZR302",
    "title": "collapsible-if",
    "message": "matches pattern `if `",
    "explanation": "This finding highlights maintainability risk in deterministic analysis.",
    "remediation": "Refactor for clarity and consistency with project conventions.",
    "file": "./tests/fixtures/bad_project/messy.py",
    "line": 11,
    "column": 7,
    "severity": "low",
    "category": "refactor",
    "source": "zerum",
    "confidence": "deterministic"
  },
  {
    "id": "ZR305",
    "title": "simplifiable-if-expression",
    "message": "matches pattern `if `",
    "explanation": "This finding highlights maintainability risk in deterministic analysis.",
    "remediation": "Refactor for clarity and consistency with project conventions.",
    "file": "./tests/fixtures/bad_project/messy.py",
    "line": 11,
    "column": 7,
    "severity": "low",
    "category": "refactor",
    "source": "zerum",
    "confidence": "deterministic"
  },
  {
    "id": "ZR308",
    "title": "extractable-condition",
    "message": "matches pattern `if `",
    "explanation": "This finding highlights maintainability risk in deterministic analysis.",
    "remediation": "Refactor for clarity and consistency with project conventions.",
    "file": "./tests/fixtures/bad_project/messy.py",
    "line": 11,
    "column": 7,
    "severity": "low",
    "category": "refactor",
    "source": "zerum",
    "confidence": "deterministic"
  },
  {
    "id": "ZR312",
    "title": "reject-none",
    "message": "matches pattern `if `",
    "explanation": "This finding highlights maintainability risk in deterministic analysis.",
    "remediation": "Refactor for clarity and consistency with project conventions.",
    "file": "./tests/fixtures/bad_project/messy.py",
    "line": 11,
    "column": 7,
    "severity": "low",
    "category": "refactor",
    "source": "zerum",
    "confidence": "deterministic"
  },
  {
    "id": "ZR301",
    "title": "duplicate-branch-body",
    "message": "matches pattern `if `",
    "explanation": "This finding highlights maintainability risk in deterministic analysis.",
    "remediation": "Refactor for clarity and consistency with project conventions.",
    "file": "./tests/fixtures/bad_project/messy.py",
    "line": 13,
    "column": 7,
    "severity": "low",
    "category": "refactor",
    "source": "zerum",
    "confidence": "deterministic"
  },
  {
    "id": "ZR302",
    "title": "collapsible-if",
    "message": "matches pattern `if `",
    "explanation": "This finding highlights maintainability risk in deterministic analysis.",
    "remediation": "Refactor for clarity and consistency with project conventions.",
    "file": "./tests/fixtures/bad_project/messy.py",
    "line": 13,
    "column": 7,
    "severity": "low",
    "category": "refactor",
    "source": "zerum",
    "confidence": "deterministic"
  },
  {
    "id": "ZR305",
    "title": "simplifiable-if-expression",
    "message": "matches pattern `if `",
    "explanation": "This finding highlights maintainability risk in deterministic analysis.",
    "remediation": "Refactor for clarity and consistency with project conventions.",
    "file": "./tests/fixtures/bad_project/messy.py",
    "line": 13,
    "column": 7,
    "severity": "low",
    "category": "refactor",
    "source": "zerum",
    "confidence": "deterministic"
  },
  {
    "id": "ZR308",
    "title": "extractable-condition",
    "message": "matches pattern `if `",
    "explanation": "This finding highlights maintainability risk in deterministic analysis.",
    "remediation": "Refactor for clarity and consistency with project conventions.",
    "file": "./tests/fixtures/bad_project/messy.py",
    "line": 13,
    "column": 7,
    "severity": "low",
    "category": "refactor",
    "source": "zerum",
    "confidence": "deterministic"
  },
  {
    "id": "ZR312",
    "title": "reject-none",
    "message": "matches pattern `if `",
    "explanation": "This finding highlights maintainability risk in deterministic analysis.",
    "remediation": "Refactor for clarity and consistency with project conventions.",
    "file": "./tests/fixtures/bad_project/messy.py",
    "line": 13,
    "column": 7,
    "severity": "low",
    "category": "refactor",
    "source": "zerum",
    "confidence": "deterministic"
  },
  {
    "id": "ZR301",
    "title": "duplicate-branch-body",
    "message": "matches pattern `if `",
    "explanation": "This finding highlights maintainability risk in deterministic analysis.",
    "remediation": "Refactor for clarity and consistency with project conventions.",
    "file": "./tests/fixtures/bad_project/messy.py",
    "line": 15,
    "column": 7,
    "severity": "low",
    "category": "refactor",
    "source": "zerum",
    "confidence": "deterministic"
  },
  {
    "id": "ZR302",
    "title": "collapsible-if",
    "message": "matches pattern `if `",
    "explanation": "This finding highlights maintainability risk in deterministic analysis.",
    "remediation": "Refactor for clarity and consistency with project conventions.",
    "file": "./tests/fixtures/bad_project/messy.py",
    "line": 15,
    "column": 7,
    "severity": "low",
    "category": "refactor",
    "source": "zerum",
    "confidence": "deterministic"
  },
  {
    "id": "ZR305",
    "title": "simplifiable-if-expression",
    "message": "matches pattern `if `",
    "explanation": "This finding highlights maintainability risk in deterministic analysis.",
    "remediation": "Refactor for clarity and consistency with project conventions.",
    "file": "./tests/fixtures/bad_project/messy.py",
    "line": 15,
    "column": 7,
    "severity": "low",
    "category": "refactor",
    "source": "zerum",
    "confidence": "deterministic"
  },
  {
    "id": "ZR308",
    "title": "extractable-condition",
    "message": "matches pattern `if `",
    "explanation": "This finding highlights maintainability risk in deterministic analysis.",
    "remediation": "Refactor for clarity and consistency with project conventions.",
    "file": "./tests/fixtures/bad_project/messy.py",
    "line": 15,
    "column": 7,
    "severity": "low",
    "category": "refactor",
    "source": "zerum",
    "confidence": "deterministic"
  },
  {
    "id": "ZR312",
    "title": "reject-none",
    "message": "matches pattern `if `",
    "explanation": "This finding highlights maintainability risk in deterministic analysis.",
    "remediation": "Refactor for clarity and consistency with project conventions.",
    "file": "./tests/fixtures/bad_project/messy.py",
    "line": 15,
    "column": 7,
    "severity": "low",
    "category": "refactor",
    "source": "zerum",
    "confidence": "deterministic"
  },
  {
    "id": "ZR006",
    "title": "magic-number",
    "message": "magic numeric literal `3`",
    "explanation": "This finding highlights maintainability risk in deterministic analysis.",
    "remediation": "Refactor for clarity and consistency with project conventions.",
    "file": "./tests/fixtures/bad_project/messy.py",
    "line": 15,
    "column": 14,
    "severity": "low",
    "category": "readability",
    "source": "zerum",
    "confidence": "deterministic"
  },
  {
    "id": "ZR301",
    "title": "duplicate-branch-body",
    "message": "matches pattern `if `",
    "explanation": "This finding highlights maintainability risk in deterministic analysis.",
    "remediation": "Refactor for clarity and consistency with project conventions.",
    "file": "./tests/fixtures/bad_project/messy.py",
    "line": 17,
    "column": 7,
    "severity": "low",
    "category": "refactor",
    "source": "zerum",
    "confidence": "deterministic"
  },
  {
    "id": "ZR302",
    "title": "collapsible-if",
    "message": "matches pattern `if `",
    "explanation": "This finding highlights maintainability risk in deterministic analysis.",
    "remediation": "Refactor for clarity and consistency with project conventions.",
    "file": "./tests/fixtures/bad_project/messy.py",
    "line": 17,
    "column": 7,
    "severity": "low",
    "category": "refactor",
    "source": "zerum",
    "confidence": "deterministic"
  },
  {
    "id": "ZR305",
    "title": "simplifiable-if-expression",
    "message": "matches pattern `if `",
    "explanation": "This finding highlights maintainability risk in deterministic analysis.",
    "remediation": "Refactor for clarity and consistency with project conventions.",
    "file": "./tests/fixtures/bad_project/messy.py",
    "line": 17,
    "column": 7,
    "severity": "low",
    "category": "refactor",
    "source": "zerum",
    "confidence": "deterministic"
  },
  {
    "id": "ZR308",
    "title": "extractable-condition",
    "message": "matches pattern `if `",
    "explanation": "This finding highlights maintainability risk in deterministic analysis.",
    "remediation": "Refactor for clarity and consistency with project conventions.",
    "file": "./tests/fixtures/bad_project/messy.py",
    "line": 17,
    "column": 7,
    "severity": "low",
    "category": "refactor",
    "source": "zerum",
    "confidence": "deterministic"
  },
  {
    "id": "ZR312",
    "title": "reject-none",
    "message": "matches pattern `if `",
    "explanation": "This finding highlights maintainability risk in deterministic analysis.",
    "remediation": "Refactor for clarity and consistency with project conventions.",
    "file": "./tests/fixtures/bad_project/messy.py",
    "line": 17,
    "column": 7,
    "severity": "low",
    "category": "refactor",
    "source": "zerum",
    "confidence": "deterministic"
  },
  {
    "id": "ZR006",
    "title": "magic-number",
    "message": "magic numeric literal `4`",
    "explanation": "This finding highlights maintainability risk in deterministic analysis.",
    "remediation": "Refactor for clarity and consistency with project conventions.",
    "file": "./tests/fixtures/bad_project/messy.py",
    "line": 17,
    "column": 14,
    "severity": "low",
    "category": "readability",
    "source": "zerum",
    "confidence": "deterministic"
  },
  {
    "id": "ZR301",
    "title": "duplicate-branch-body",
    "message": "matches pattern `if `",
    "explanation": "This finding highlights maintainability risk in deterministic analysis.",
    "remediation": "Refactor for clarity and consistency with project conventions.",
    "file": "./tests/fixtures/bad_project/messy.py",
    "line": 19,
    "column": 7,
    "severity": "low",
    "category": "refactor",
    "source": "zerum",
    "confidence": "deterministic"
  },
  {
    "id": "ZR302",
    "title": "collapsible-if",
    "message": "matches pattern `if `",
    "explanation": "This finding highlights maintainability risk in deterministic analysis.",
    "remediation": "Refactor for clarity and consistency with project conventions.",
    "file": "./tests/fixtures/bad_project/messy.py",
    "line": 19,
    "column": 7,
    "severity": "low",
    "category": "refactor",
    "source": "zerum",
    "confidence": "deterministic"
  },
  {
    "id": "ZR305",
    "title": "simplifiable-if-expression",
    "message": "matches pattern `if `",
    "explanation": "This finding highlights maintainability risk in deterministic analysis.",
    "remediation": "Refactor for clarity and consistency with project conventions.",
    "file": "./tests/fixtures/bad_project/messy.py",
    "line": 19,
    "column": 7,
    "severity": "low",
    "category": "refactor",
    "source": "zerum",
    "confidence": "deterministic"
  },
  {
    "id": "ZR308",
    "title": "extractable-condition",
    "message": "matches pattern `if `",
    "explanation": "This finding highlights maintainability risk in deterministic analysis.",
    "remediation": "Refactor for clarity and consistency with project conventions.",
    "file": "./tests/fixtures/bad_project/messy.py",
    "line": 19,
    "column": 7,
    "severity": "low",
    "category": "refactor",
    "source": "zerum",
    "confidence": "deterministic"
  },
  {
    "id": "ZR312",
    "title": "reject-none",
    "message": "matches pattern `if `",
    "explanation": "This finding highlights maintainability risk in deterministic analysis.",
    "remediation": "Refactor for clarity and consistency with project conventions.",
    "file": "./tests/fixtures/bad_project/messy.py",
    "line": 19,
    "column": 7,
    "severity": "low",
    "category": "refactor",
    "source": "zerum",
    "confidence": "deterministic"
  },
  {
    "id": "ZR006",
    "title": "magic-number",
    "message": "magic numeric literal `5`",
    "explanation": "This finding highlights maintainability risk in deterministic analysis.",
    "remediation": "Refactor for clarity and consistency with project conventions.",
    "file": "./tests/fixtures/bad_project/messy.py",
    "line": 19,
    "column": 14,
    "severity": "low",
    "category": "readability",
    "source": "zerum",
    "confidence": "deterministic"
  },
  {
    "id": "ZR301",
    "title": "duplicate-branch-body",
    "message": "matches pattern `if `",
    "explanation": "This finding highlights maintainability risk in deterministic analysis.",
    "remediation": "Refactor for clarity and consistency with project conventions.",
    "file": "./tests/fixtures/bad_project/messy.py",
    "line": 21,
    "column": 7,
    "severity": "low",
    "category": "refactor",
    "source": "zerum",
    "confidence": "deterministic"
  },
  {
    "id": "ZR302",
    "title": "collapsible-if",
    "message": "matches pattern `if `",
    "explanation": "This finding highlights maintainability risk in deterministic analysis.",
    "remediation": "Refactor for clarity and consistency with project conventions.",
    "file": "./tests/fixtures/bad_project/messy.py",
    "line": 21,
    "column": 7,
    "severity": "low",
    "category": "refactor",
    "source": "zerum",
    "confidence": "deterministic"
  },
  {
    "id": "ZR305",
    "title": "simplifiable-if-expression",
    "message": "matches pattern `if `",
    "explanation": "This finding highlights maintainability risk in deterministic analysis.",
    "remediation": "Refactor for clarity and consistency with project conventions.",
    "file": "./tests/fixtures/bad_project/messy.py",
    "line": 21,
    "column": 7,
    "severity": "low",
    "category": "refactor",
    "source": "zerum",
    "confidence": "deterministic"
  },
  {
    "id": "ZR308",
    "title": "extractable-condition",
    "message": "matches pattern `if `",
    "explanation": "This finding highlights maintainability risk in deterministic analysis.",
    "remediation": "Refactor for clarity and consistency with project conventions.",
    "file": "./tests/fixtures/bad_project/messy.py",
    "line": 21,
    "column": 7,
    "severity": "low",
    "category": "refactor",
    "source": "zerum",
    "confidence": "deterministic"
  },
  {
    "id": "ZR312",
    "title": "reject-none",
    "message": "matches pattern `if `",
    "explanation": "This finding highlights maintainability risk in deterministic analysis.",
    "remediation": "Refactor for clarity and consistency with project conventions.",
    "file": "./tests/fixtures/bad_project/messy.py",
    "line": 21,
    "column": 7,
    "severity": "low",
    "category": "refactor",
    "source": "zerum",
    "confidence": "deterministic"
  },
  {
    "id": "ZR006",
    "title": "magic-number",
    "message": "magic numeric literal `6`",
    "explanation": "This finding highlights maintainability risk in deterministic analysis.",
    "remediation": "Refactor for clarity and consistency with project conventions.",
    "file": "./tests/fixtures/bad_project/messy.py",
    "line": 21,
    "column": 14,
    "severity": "low",
    "category": "readability",
    "source": "zerum",
    "confidence": "deterministic"
  },
  {
    "id": "ZR301",
    "title": "duplicate-branch-body",
    "message": "matches pattern `if `",
    "explanation": "This finding highlights maintainability risk in deterministic analysis.",
    "remediation": "Refactor for clarity and consistency with project conventions.",
    "file": "./tests/fixtures/bad_project/messy.py",
    "line": 23,
    "column": 7,
    "severity": "low",
    "category": "refactor",
    "source": "zerum",
    "confidence": "deterministic"
  },
  {
    "id": "ZR302",
    "title": "collapsible-if",
    "message": "matches pattern `if `",
    "explanation": "This finding highlights maintainability risk in deterministic analysis.",
    "remediation": "Refactor for clarity and consistency with project conventions.",
    "file": "./tests/fixtures/bad_project/messy.py",
    "line": 23,
    "column": 7,
    "severity": "low",
    "category": "refactor",
    "source": "zerum",
    "confidence": "deterministic"
  },
  {
    "id": "ZR305",
    "title": "simplifiable-if-expression",
    "message": "matches pattern `if `",
    "explanation": "This finding highlights maintainability risk in deterministic analysis.",
    "remediation": "Refactor for clarity and consistency with project conventions.",
    "file": "./tests/fixtures/bad_project/messy.py",
    "line": 23,
    "column": 7,
    "severity": "low",
    "category": "refactor",
    "source": "zerum",
    "confidence": "deterministic"
  },
  {
    "id": "ZR308",
    "title": "extractable-condition",
    "message": "matches pattern `if `",
    "explanation": "This finding highlights maintainability risk in deterministic analysis.",
    "remediation": "Refactor for clarity and consistency with project conventions.",
    "file": "./tests/fixtures/bad_project/messy.py",
    "line": 23,
    "column": 7,
    "severity": "low",
    "category": "refactor",
    "source": "zerum",
    "confidence": "deterministic"
  },
  {
    "id": "ZR312",
    "title": "reject-none",
    "message": "matches pattern `if `",
    "explanation": "This finding highlights maintainability risk in deterministic analysis.",
    "remediation": "Refactor for clarity and consistency with project conventions.",
    "file": "./tests/fixtures/bad_project/messy.py",
    "line": 23,
    "column": 7,
    "severity": "low",
    "category": "refactor",
    "source": "zerum",
    "confidence": "deterministic"
  },
  {
    "id": "ZR006",
    "title": "magic-number",
    "message": "magic numeric literal `7`",
    "explanation": "This finding highlights maintainability risk in deterministic analysis.",
    "remediation": "Refactor for clarity and consistency with project conventions.",
    "file": "./tests/fixtures/bad_project/messy.py",
    "line": 23,
    "column": 14,
    "severity": "low",
    "category": "readability",
    "source": "zerum",
    "confidence": "deterministic"
  },
  {
    "id": "ZR301",
    "title": "duplicate-branch-body",
    "message": "matches pattern `if `",
    "explanation": "This finding highlights maintainability risk in deterministic analysis.",
    "remediation": "Refactor for clarity and consistency with project conventions.",
    "file": "./tests/fixtures/bad_project/messy.py",
    "line": 25,
    "column": 7,
    "severity": "low",
    "category": "refactor",
    "source": "zerum",
    "confidence": "deterministic"
  },
  {
    "id": "ZR302",
    "title": "collapsible-if",
    "message": "matches pattern `if `",
    "explanation": "This finding highlights maintainability risk in deterministic analysis.",
    "remediation": "Refactor for clarity and consistency with project conventions.",
    "file": "./tests/fixtures/bad_project/messy.py",
    "line": 25,
    "column": 7,
    "severity": "low",
    "category": "refactor",
    "source": "zerum",
    "confidence": "deterministic"
  },
  {
    "id": "ZR305",
    "title": "simplifiable-if-expression",
    "message": "matches pattern `if `",
    "explanation": "This finding highlights maintainability risk in deterministic analysis.",
    "remediation": "Refactor for clarity and consistency with project conventions.",
    "file": "./tests/fixtures/bad_project/messy.py",
    "line": 25,
    "column": 7,
    "severity": "low",
    "category": "refactor",
    "source": "zerum",
    "confidence": "deterministic"
  },
  {
    "id": "ZR308",
    "title": "extractable-condition",
    "message": "matches pattern `if `",
    "explanation": "This finding highlights maintainability risk in deterministic analysis.",
    "remediation": "Refactor for clarity and consistency with project conventions.",
    "file": "./tests/fixtures/bad_project/messy.py",
    "line": 25,
    "column": 7,
    "severity": "low",
    "category": "refactor",
    "source": "zerum",
    "confidence": "deterministic"
  },
  {
    "id": "ZR312",
    "title": "reject-none",
    "message": "matches pattern `if `",
    "explanation": "This finding highlights maintainability risk in deterministic analysis.",
    "remediation": "Refactor for clarity and consistency with project conventions.",
    "file": "./tests/fixtures/bad_project/messy.py",
    "line": 25,
    "column": 7,
    "severity": "low",
    "category": "refactor",
    "source": "zerum",
    "confidence": "deterministic"
  },
  {
    "id": "ZR006",
    "title": "magic-number",
    "message": "magic numeric literal `8`",
    "explanation": "This finding highlights maintainability risk in deterministic analysis.",
    "remediation": "Refactor for clarity and consistency with project conventions.",
    "file": "./tests/fixtures/bad_project/messy.py",
    "line": 25,
    "column": 14,
    "severity": "low",
    "category": "readability",
    "source": "zerum",
    "confidence": "deterministic"
  },
  {
    "id": "ZR412",
    "title": "query-in-loop",
    "message": "matches pattern `for `",
    "explanation": "This finding highlights maintainability risk in deterministic analysis.",
    "remediation": "Refactor for clarity and consistency with project conventions.",
    "file": "./tests/fixtures/bad_project/messy.py",
    "line": 28,
    "column": 9,
    "severity": "medium",
    "category": "warning",
    "source": "zerum",
    "confidence": "deterministic"
  },
  {
    "id": "ZR006",
    "title": "magic-number",
    "message": "magic numeric literal `3`",
    "explanation": "This finding highlights maintainability risk in deterministic analysis.",
    "remediation": "Refactor for clarity and consistency with project conventions.",
    "file": "./tests/fixtures/bad_project/messy.py",
    "line": 28,
    "column": 24,
    "severity": "low",
    "category": "readability",
    "source": "zerum",
    "confidence": "deterministic"
  },
  {
    "id": "ZR301",
    "title": "duplicate-branch-body",
    "message": "matches pattern `if `",
    "explanation": "This finding highlights maintainability risk in deterministic analysis.",
    "remediation": "Refactor for clarity and consistency with project conventions.",
    "file": "./tests/fixtures/bad_project/messy.py",
    "line": 29,
    "column": 13,
    "severity": "low",
    "category": "refactor",
    "source": "zerum",
    "confidence": "deterministic"
  },
  {
    "id": "ZR302",
    "title": "collapsible-if",
    "message": "matches pattern `if `",
    "explanation": "This finding highlights maintainability risk in deterministic analysis.",
    "remediation": "Refactor for clarity and consistency with project conventions.",
    "file": "./tests/fixtures/bad_project/messy.py",
    "line": 29,
    "column": 13,
    "severity": "low",
    "category": "refactor",
    "source": "zerum",
    "confidence": "deterministic"
  },
  {
    "id": "ZR305",
    "title": "simplifiable-if-expression",
    "message": "matches pattern `if `",
    "explanation": "This finding highlights maintainability risk in deterministic analysis.",
    "remediation": "Refactor for clarity and consistency with project conventions.",
    "file": "./tests/fixtures/bad_project/messy.py",
    "line": 29,
    "column": 13,
    "severity": "low",
    "category": "refactor",
    "source": "zerum",
    "confidence": "deterministic"
  },
  {
    "id": "ZR308",
    "title": "extractable-condition",
    "message": "matches pattern `if `",
    "explanation": "This finding highlights maintainability risk in deterministic analysis.",
    "remediation": "Refactor for clarity and consistency with project conventions.",
    "file": "./tests/fixtures/bad_project/messy.py",
    "line": 29,
    "column": 13,
    "severity": "low",
    "category": "refactor",
    "source": "zerum",
    "confidence": "deterministic"
  },
  {
    "id": "ZR312",
    "title": "reject-none",
    "message": "matches pattern `if `",
    "explanation": "This finding highlights maintainability risk in deterministic analysis.",
    "remediation": "Refactor for clarity and consistency with project conventions.",
    "file": "./tests/fixtures/bad_project/messy.py",
    "line": 29,
    "column": 13,
    "severity": "low",
    "category": "refactor",
    "source": "zerum",
    "confidence": "deterministic"
  },
  {
    "id": "ZR301",
    "title": "duplicate-branch-body",
    "message": "matches pattern `if `",
    "explanation": "This finding highlights maintainability risk in deterministic analysis.",
    "remediation": "Refactor for clarity and consistency with project conventions.",
    "file": "./tests/fixtures/bad_project/messy.py",
    "line": 30,
    "column": 17,
    "severity": "low",
    "category": "refactor",
    "source": "zerum",
    "confidence": "deterministic"
  },
  {
    "id": "ZR302",
    "title": "collapsible-if",
    "message": "matches pattern `if `",
    "explanation": "This finding highlights maintainability risk in deterministic analysis.",
    "remediation": "Refactor for clarity and consistency with project conventions.",
    "file": "./tests/fixtures/bad_project/messy.py",
    "line": 30,
    "column": 17,
    "severity": "low",
    "category": "refactor",
    "source": "zerum",
    "confidence": "deterministic"
  },
  {
    "id": "ZR305",
    "title": "simplifiable-if-expression",
    "message": "matches pattern `if `",
    "explanation": "This finding highlights maintainability risk in deterministic analysis.",
    "remediation": "Refactor for clarity and consistency with project conventions.",
    "file": "./tests/fixtures/bad_project/messy.py",
    "line": 30,
    "column": 17,
    "severity": "low",
    "category": "refactor",
    "source": "zerum",
    "confidence": "deterministic"
  },
  {
    "id": "ZR308",
    "title": "extractable-condition",
    "message": "matches pattern `if `",
    "explanation": "This finding highlights maintainability risk in deterministic analysis.",
    "remediation": "Refactor for clarity and consistency with project conventions.",
    "file": "./tests/fixtures/bad_project/messy.py",
    "line": 30,
    "column": 17,
    "severity": "low",
    "category": "refactor",
    "source": "zerum",
    "confidence": "deterministic"
  },
  {
    "id": "ZR312",
    "title": "reject-none",
    "message": "matches pattern `if `",
    "explanation": "This finding highlights maintainability risk in deterministic analysis.",
    "remediation": "Refactor for clarity and consistency with project conventions.",
    "file": "./tests/fixtures/bad_project/messy.py",
    "line": 30,
    "column": 17,
    "severity": "low",
    "category": "refactor",
    "source": "zerum",
    "confidence": "deterministic"
  },
  {
    "id": "ZR008",
    "title": "missing-function-docstring",
    "message": "function `bad_default` is missing a docstring",
    "explanation": "This finding highlights maintainability risk in deterministic analysis.",
    "remediation": "Refactor for clarity and consistency with project conventions.",
    "file": "./tests/fixtures/bad_project/messy.py",
    "line": 33,
    "column": 1,
    "severity": "low",
    "category": "readability",
    "source": "zerum",
    "confidence": "deterministic"
  },
  {
    "id": "ZR101",
    "title": "inconsistent-function-naming",
    "message": "matches pattern `def `",
    "explanation": "This finding highlights maintainability risk in deterministic analysis.",
    "remediation": "Refactor for clarity and consistency with project conventions.",
    "file": "./tests/fixtures/bad_project/messy.py",
    "line": 33,
    "column": 1,
    "severity": "low",
    "category": "consistency",
    "source": "zerum",
    "confidence": "deterministic"
  },
  {
    "id": "ZR203",
    "title": "too-many-public-methods",
    "message": "matches pattern `def `",
    "explanation": "This finding highlights maintainability risk in deterministic analysis.",
    "remediation": "Refactor for clarity and consistency with project conventions.",
    "file": "./tests/fixtures/bad_project/messy.py",
    "line": 33,
    "column": 1,
    "severity": "medium",
    "category": "design",
    "source": "zerum",
    "confidence": "deterministic"
  },
  {
    "id": "ZR310",
    "title": "identity-passthrough",
    "message": "function `bad_default` only returns its single argument",
    "explanation": "This finding highlights maintainability risk in deterministic analysis.",
    "remediation": "Refactor for clarity and consistency with project conventions.",
    "file": "./tests/fixtures/bad_project/messy.py",
    "line": 33,
    "column": 1,
    "severity": "low",
    "category": "refactor",
    "source": "zerum",
    "confidence": "deterministic"
  },
  {
    "id": "ZR404",
    "title": "mutable-default-argument",
    "message": "function `bad_default` uses a mutable default argument",
    "explanation": "This finding highlights maintainability risk in deterministic analysis.",
    "remediation": "Refactor for clarity and consistency with project conventions.",
    "file": "./tests/fixtures/bad_project/messy.py",
    "line": 33,
    "column": 1,
    "severity": "high",
    "category": "warning",
    "source": "zerum",
    "confidence": "deterministic"
  },
  {
    "id": "ZR506",
    "title": "empty-wrapper-function",
    "message": "matches pattern `def `",
    "explanation": "This finding highlights maintainability risk in deterministic analysis.",
    "remediation": "Refactor for clarity and consistency with project conventions.",
    "file": "./tests/fixtures/bad_project/messy.py",
    "line": 33,
    "column": 1,
    "severity": "low",
    "category": "ai",
    "source": "zerum",
    "confidence": "deterministic"
  },
  {
    "id": "ZR102",
    "title": "inconsistent-class-naming",
    "message": "matches pattern `_`",
    "explanation": "This finding highlights maintainability risk in deterministic analysis.",
    "remediation": "Refactor for clarity and consistency with project conventions.",
    "file": "./tests/fixtures/bad_project/messy.py",
    "line": 33,
    "column": 8,
    "severity": "low",
    "category": "consistency",
    "source": "zerum",
    "confidence": "deterministic"
  },
  {
    "id": "ZR109",
    "title": "mixed-collection-style",
    "message": "matches pattern `[]`",
    "explanation": "This finding highlights maintainability risk in deterministic analysis.",
    "remediation": "Refactor for clarity and consistency with project conventions.",
    "file": "./tests/fixtures/bad_project/messy.py",
    "line": 33,
    "column": 23,
    "severity": "low",
    "category": "consistency",
    "source": "zerum",
    "confidence": "deterministic"
  },
  {
    "id": "ZR110",
    "title": "mixed-return-style",
    "message": "matches pattern `return`",
    "explanation": "This finding highlights maintainability risk in deterministic analysis.",
    "remediation": "Refactor for clarity and consistency with project conventions.",
    "file": "./tests/fixtures/bad_project/messy.py",
    "line": 34,
    "column": 5,
    "severity": "low",
    "category": "consistency",
    "source": "zerum",
    "confidence": "deterministic"
  },
  {
    "id": "ZR410",
    "title": "ambiguous-none-return",
    "message": "matches pattern `return`",
    "explanation": "This finding highlights maintainability risk in deterministic analysis.",
    "remediation": "Refactor for clarity and consistency with project conventions.",
    "file": "./tests/fixtures/bad_project/messy.py",
    "line": 34,
    "column": 5,
    "severity": "medium",
    "category": "warning",
    "source": "zerum",
    "confidence": "deterministic"
  },
  {
    "id": "ZR506",
    "title": "empty-wrapper-function",
    "message": "matches pattern `return `",
    "explanation": "This finding highlights maintainability risk in deterministic analysis.",
    "remediation": "Refactor for clarity and consistency with project conventions.",
    "file": "./tests/fixtures/bad_project/messy.py",
    "line": 34,
    "column": 5,
    "severity": "low",
    "category": "ai",
    "source": "zerum",
    "confidence": "deterministic"
  },
  {
    "id": "ZR501",
    "title": "placeholder-generated-code",
    "message": "AI placeholder marker found in comment",
    "explanation": "This finding highlights maintainability risk in deterministic analysis.",
    "remediation": "Refactor for clarity and consistency with project conventions.",
    "file": "./tests/fixtures/bad_project/messy.py",
    "line": 36,
    "column": 1,
    "severity": "medium",
    "category": "ai",
    "source": "zerum",
    "confidence": "deterministic"
  }
]
