---
source: tests/snapshot_tests.rs
assertion_line: 25
expression: out
---
[
  {
    "id": "ZR002",
    "title": "too-many-arguments",
    "message": "function `too_many_args` has 7 arguments (max 5)",
    "explanation": "This finding was produced by an AST-precise deterministic check.",
    "remediation": "Refactor for clarity and consistency with project conventions.",
    "file": "./tests/fixtures/bad_project/messy.py",
    "line": 1,
    "column": 1,
    "severity": "low",
    "category": "readability",
    "source": "zerum",
    "confidence": "deterministic"
  },
  {
    "id": "ZR405",
    "title": "print-debugging",
    "message": "print() used for debugging",
    "explanation": "This finding was produced by an AST-precise deterministic check.",
    "remediation": "Refactor for clarity and consistency with project conventions.",
    "file": "./tests/fixtures/bad_project/messy.py",
    "line": 2,
    "column": 5,
    "severity": "low",
    "category": "warning",
    "source": "zerum",
    "confidence": "deterministic"
  },
  {
    "id": "ZR408",
    "title": "silent-exception-swallowing",
    "message": "broad except handler only contains pass",
    "explanation": "This finding was produced by an AST-precise deterministic check.",
    "remediation": "Refactor for clarity and consistency with project conventions.",
    "file": "./tests/fixtures/bad_project/messy.py",
    "line": 5,
    "column": 5,
    "severity": "high",
    "category": "warning",
    "source": "zerum",
    "confidence": "deterministic"
  },
  {
    "id": "ZR411",
    "title": "blanket-except",
    "message": "except Exception catches nearly all errors; prefer specific exceptions",
    "explanation": "This finding was produced by an AST-precise deterministic check.",
    "remediation": "Refactor for clarity and consistency with project conventions.",
    "file": "./tests/fixtures/bad_project/messy.py",
    "line": 5,
    "column": 5,
    "severity": "high",
    "category": "warning",
    "source": "zerum",
    "confidence": "deterministic"
  },
  {
    "id": "ZR003",
    "title": "deep-nesting",
    "message": "function `branchy` has conditional nesting depth 9 (max 3)",
    "explanation": "Deep nesting obscures control flow and error handling paths.",
    "remediation": "Use guard clauses, early returns, or extract nested blocks into functions.",
    "file": "./tests/fixtures/bad_project/messy.py",
    "line": 8,
    "column": 1,
    "severity": "medium",
    "category": "readability",
    "source": "zerum",
    "confidence": "deterministic"
  },
  {
    "id": "ZR006",
    "title": "magic-number",
    "message": "magic numeric literal `3`",
    "explanation": "This finding was produced by an AST-precise deterministic check.",
    "remediation": "Refactor for clarity and consistency with project conventions.",
    "file": "./tests/fixtures/bad_project/messy.py",
    "line": 15,
    "column": 14,
    "severity": "low",
    "category": "readability",
    "source": "zerum",
    "confidence": "deterministic"
  },
  {
    "id": "ZR006",
    "title": "magic-number",
    "message": "magic numeric literal `4`",
    "explanation": "This finding was produced by an AST-precise deterministic check.",
    "remediation": "Refactor for clarity and consistency with project conventions.",
    "file": "./tests/fixtures/bad_project/messy.py",
    "line": 17,
    "column": 14,
    "severity": "low",
    "category": "readability",
    "source": "zerum",
    "confidence": "deterministic"
  },
  {
    "id": "ZR006",
    "title": "magic-number",
    "message": "magic numeric literal `5`",
    "explanation": "This finding was produced by an AST-precise deterministic check.",
    "remediation": "Refactor for clarity and consistency with project conventions.",
    "file": "./tests/fixtures/bad_project/messy.py",
    "line": 19,
    "column": 14,
    "severity": "low",
    "category": "readability",
    "source": "zerum",
    "confidence": "deterministic"
  },
  {
    "id": "ZR006",
    "title": "magic-number",
    "message": "magic numeric literal `6`",
    "explanation": "This finding was produced by an AST-precise deterministic check.",
    "remediation": "Refactor for clarity and consistency with project conventions.",
    "file": "./tests/fixtures/bad_project/messy.py",
    "line": 21,
    "column": 14,
    "severity": "low",
    "category": "readability",
    "source": "zerum",
    "confidence": "deterministic"
  },
  {
    "id": "ZR301",
    "title": "duplicate-branch-body",
    "message": "if and elif branches have identical bodies",
    "explanation": "This finding was produced by an AST-precise deterministic check.",
    "remediation": "Refactor for clarity and consistency with project conventions.",
    "file": "./tests/fixtures/bad_project/messy.py",
    "line": 23,
    "column": 5,
    "severity": "low",
    "category": "refactor",
    "source": "zerum",
    "confidence": "deterministic"
  },
  {
    "id": "ZR006",
    "title": "magic-number",
    "message": "magic numeric literal `7`",
    "explanation": "This finding was produced by an AST-precise deterministic check.",
    "remediation": "Refactor for clarity and consistency with project conventions.",
    "file": "./tests/fixtures/bad_project/messy.py",
    "line": 23,
    "column": 14,
    "severity": "low",
    "category": "readability",
    "source": "zerum",
    "confidence": "deterministic"
  },
  {
    "id": "ZR006",
    "title": "magic-number",
    "message": "magic numeric literal `8`",
    "explanation": "This finding was produced by an AST-precise deterministic check.",
    "remediation": "Refactor for clarity and consistency with project conventions.",
    "file": "./tests/fixtures/bad_project/messy.py",
    "line": 25,
    "column": 14,
    "severity": "low",
    "category": "readability",
    "source": "zerum",
    "confidence": "deterministic"
  },
  {
    "id": "ZR006",
    "title": "magic-number",
    "message": "magic numeric literal `3`",
    "explanation": "This finding was produced by an AST-precise deterministic check.",
    "remediation": "Refactor for clarity and consistency with project conventions.",
    "file": "./tests/fixtures/bad_project/messy.py",
    "line": 28,
    "column": 24,
    "severity": "low",
    "category": "readability",
    "source": "zerum",
    "confidence": "deterministic"
  },
  {
    "id": "ZR302",
    "title": "collapsible-if",
    "message": "nested if without else can be collapsed with `and`",
    "explanation": "This finding was produced by an AST-precise deterministic check.",
    "remediation": "Refactor for clarity and consistency with project conventions.",
    "file": "./tests/fixtures/bad_project/messy.py",
    "line": 29,
    "column": 13,
    "severity": "low",
    "category": "refactor",
    "source": "zerum",
    "confidence": "deterministic"
  },
  {
    "id": "ZR310",
    "title": "identity-passthrough",
    "message": "function `bad_default` only returns its single argument",
    "explanation": "This finding was produced by an AST-precise deterministic check.",
    "remediation": "Refactor for clarity and consistency with project conventions.",
    "file": "./tests/fixtures/bad_project/messy.py",
    "line": 33,
    "column": 1,
    "severity": "low",
    "category": "refactor",
    "source": "zerum",
    "confidence": "deterministic"
  },
  {
    "id": "ZR404",
    "title": "mutable-default-argument",
    "message": "function `bad_default` uses a mutable default argument",
    "explanation": "Mutable defaults are shared across calls and cause subtle bugs.",
    "remediation": "Use `None` as default and assign a new list/dict inside the function.",
    "file": "./tests/fixtures/bad_project/messy.py",
    "line": 33,
    "column": 1,
    "severity": "high",
    "category": "warning",
    "source": "zerum",
    "confidence": "deterministic"
  },
  {
    "id": "ZR501",
    "title": "placeholder-generated-code",
    "message": "AI placeholder marker found in comment",
    "explanation": "AI-generated placeholders often ship without real implementation.",
    "remediation": "Replace placeholders with real logic or remove dead scaffolding.",
    "file": "./tests/fixtures/bad_project/messy.py",
    "line": 36,
    "column": 1,
    "severity": "medium",
    "category": "ai",
    "source": "zerum",
    "confidence": "deterministic"
  }
]
