---
source: tests/snapshot_tests.rs
expression: "run_check_format(\"human\")"
---
[low] ZR002 ./tests/fixtures/bad_project/messy.py:1:1 — function `too_many_args` has 7 arguments (max 5)
  explanation: This finding highlights maintainability risk in deterministic analysis.
  remediation: Refactor for clarity and consistency with project conventions.
[low] ZR405 ./tests/fixtures/bad_project/messy.py:2:5 — print() used for debugging
  explanation: This finding highlights maintainability risk in deterministic analysis.
  remediation: Refactor for clarity and consistency with project conventions.
[high] ZR401 ./tests/fixtures/bad_project/messy.py:5:5 — broad except handler catches Exception/BaseException
  explanation: Broad except handlers hide bugs and make failures hard to diagnose.
  remediation: Catch specific exception types and re-raise or wrap with context.
[high] ZR408 ./tests/fixtures/bad_project/messy.py:5:5 — broad except handler only contains pass
  explanation: This finding highlights maintainability risk in deterministic analysis.
  remediation: Refactor for clarity and consistency with project conventions.
[high] ZR411 ./tests/fixtures/bad_project/messy.py:5:5 — except Exception catches nearly all errors; prefer specific exceptions
  explanation: This finding highlights maintainability risk in deterministic analysis.
  remediation: Refactor for clarity and consistency with project conventions.
[medium] ZR003 ./tests/fixtures/bad_project/messy.py:8:1 — function `branchy` has conditional nesting depth 9 (max 3)
  explanation: Deep nesting obscures control flow and error handling paths.
  remediation: Use guard clauses, early returns, or extract nested blocks into functions.
[low] ZR006 ./tests/fixtures/bad_project/messy.py:15:14 — magic numeric literal `3`
  explanation: This finding highlights maintainability risk in deterministic analysis.
  remediation: Refactor for clarity and consistency with project conventions.
[low] ZR006 ./tests/fixtures/bad_project/messy.py:17:14 — magic numeric literal `4`
  explanation: This finding highlights maintainability risk in deterministic analysis.
  remediation: Refactor for clarity and consistency with project conventions.
[low] ZR006 ./tests/fixtures/bad_project/messy.py:19:14 — magic numeric literal `5`
  explanation: This finding highlights maintainability risk in deterministic analysis.
  remediation: Refactor for clarity and consistency with project conventions.
[low] ZR006 ./tests/fixtures/bad_project/messy.py:21:14 — magic numeric literal `6`
  explanation: This finding highlights maintainability risk in deterministic analysis.
  remediation: Refactor for clarity and consistency with project conventions.
[low] ZR301 ./tests/fixtures/bad_project/messy.py:23:5 — if and elif branches have identical bodies
  explanation: This finding highlights maintainability risk in deterministic analysis.
  remediation: Refactor for clarity and consistency with project conventions.
[low] ZR006 ./tests/fixtures/bad_project/messy.py:23:14 — magic numeric literal `7`
  explanation: This finding highlights maintainability risk in deterministic analysis.
  remediation: Refactor for clarity and consistency with project conventions.
[low] ZR006 ./tests/fixtures/bad_project/messy.py:25:14 — magic numeric literal `8`
  explanation: This finding highlights maintainability risk in deterministic analysis.
  remediation: Refactor for clarity and consistency with project conventions.
[low] ZR006 ./tests/fixtures/bad_project/messy.py:28:24 — magic numeric literal `3`
  explanation: This finding highlights maintainability risk in deterministic analysis.
  remediation: Refactor for clarity and consistency with project conventions.
[low] ZR302 ./tests/fixtures/bad_project/messy.py:29:13 — nested if without else can be collapsed with `and`
  explanation: This finding highlights maintainability risk in deterministic analysis.
  remediation: Refactor for clarity and consistency with project conventions.
[low] ZR310 ./tests/fixtures/bad_project/messy.py:33:1 — function `bad_default` only returns its single argument
  explanation: This finding highlights maintainability risk in deterministic analysis.
  remediation: Refactor for clarity and consistency with project conventions.
[high] ZR404 ./tests/fixtures/bad_project/messy.py:33:1 — function `bad_default` uses a mutable default argument
  explanation: Mutable defaults are shared across calls and cause subtle bugs.
  remediation: Use `None` as default and assign a new list/dict inside the function.
[medium] ZR501 ./tests/fixtures/bad_project/messy.py:36:1 — AI placeholder marker found in comment
  explanation: AI-generated placeholders often ship without real implementation.
  remediation: Replace placeholders with real logic or remove dead scaffolding.
